d:\cpp_code\project2\project2\x64\debug\vc143.pdb
d:\cpp_code\project2\project2\x64\debug\vc143.idb
d:\cpp_code\project2\project2\x64\debug\test.obj
d:\cpp_code\project2\project2\x64\debug\project2.ilk
d:\cpp_code\project2\x64\debug\project2.pdb
d:\cpp_code\project2\project2\x64\debug\project2.tlog\cl.command.1.tlog
d:\cpp_code\project2\project2\x64\debug\project2.tlog\cl.items.tlog
d:\cpp_code\project2\project2\x64\debug\project2.tlog\cl.read.1.tlog
d:\cpp_code\project2\project2\x64\debug\project2.tlog\cl.write.1.tlog
d:\cpp_code\project2\project2\x64\debug\project2.tlog\link-cvtres.read.1.tlog
d:\cpp_code\project2\project2\x64\debug\project2.tlog\link-cvtres.write.1.tlog
d:\cpp_code\project2\project2\x64\debug\project2.tlog\link-rc.read.1.tlog
d:\cpp_code\project2\project2\x64\debug\project2.tlog\link-rc.write.1.tlog
d:\cpp_code\project2\project2\x64\debug\project2.tlog\link.23492-cvtres.read.1.tlog
d:\cpp_code\project2\project2\x64\debug\project2.tlog\link.23492-cvtres.write.1.tlog
d:\cpp_code\project2\project2\x64\debug\project2.tlog\link.23492-rc.read.1.tlog
d:\cpp_code\project2\project2\x64\debug\project2.tlog\link.23492-rc.write.1.tlog
d:\cpp_code\project2\project2\x64\debug\project2.tlog\link.23492.read.1.tlog
d:\cpp_code\project2\project2\x64\debug\project2.tlog\link.23492.read.2.tlog
d:\cpp_code\project2\project2\x64\debug\project2.tlog\link.23492.read.3.tlog
d:\cpp_code\project2\project2\x64\debug\project2.tlog\link.23492.read.4.tlog
d:\cpp_code\project2\project2\x64\debug\project2.tlog\link.23492.write.1.tlog
d:\cpp_code\project2\project2\x64\debug\project2.tlog\link.command.1.tlog
d:\cpp_code\project2\project2\x64\debug\project2.tlog\link.read.1.tlog
d:\cpp_code\project2\project2\x64\debug\project2.tlog\link.read.2.tlog
d:\cpp_code\project2\project2\x64\debug\project2.tlog\link.read.3.tlog
d:\cpp_code\project2\project2\x64\debug\project2.tlog\link.read.4.tlog
d:\cpp_code\project2\project2\x64\debug\project2.tlog\link.secondary.1.tlog
d:\cpp_code\project2\project2\x64\debug\project2.tlog\link.write.1.tlog
